== pinning CPU 0 ==
CPU 0 pinned (prior state saved to /home/aanil/Desktop/courses/736-adv-os/projects/p2/scripts/.freq_state/cpu0.env):
  governor:       performance
  min_freq:       4000000 kHz
  max_freq:       4000000 kHz
  current freq:   3602612 kHz
run 'sudo ./scripts/unpin_freq.sh 0' to restore prior settings

=-=-=-=-=-=-=-=-=-=-=-=-=-=-=-=-=-=-=-=-=-=-=-=-=-=-=-=-=-=-=-=-=-=-=-=-=-=-=-=-=-=-=-=-=-=-=-=-=-=

== pinning CPU 1 ==
CPU 1 pinned (prior state saved to /home/aanil/Desktop/courses/736-adv-os/projects/p2/scripts/.freq_state/cpu1.env):
  governor:       performance
  min_freq:       4000000 kHz
  max_freq:       4000000 kHz
  current freq:   629329 kHz
run 'sudo ./scripts/unpin_freq.sh 1' to restore prior settings

=-=-=-=-=-=-=-=-=-=-=-=-=-=-=-=-=-=-=-=-=-=-=-=-=-=-=-=-=-=-=-=-=-=-=-=-=-=-=-=-=-=-=-=-=-=-=-=-=-=

== pinning CPU 2 ==
CPU 2 pinned (prior state saved to /home/aanil/Desktop/courses/736-adv-os/projects/p2/scripts/.freq_state/cpu2.env):
  governor:       performance
  min_freq:       4000000 kHz
  max_freq:       4000000 kHz
  current freq:   1281105 kHz
run 'sudo ./scripts/unpin_freq.sh 2' to restore prior settings

=-=-=-=-=-=-=-=-=-=-=-=-=-=-=-=-=-=-=-=-=-=-=-=-=-=-=-=-=-=-=-=-=-=-=-=-=-=-=-=-=-=-=-=-=-=-=-=-=-=

== running throughput (parent on CPU 0, child on CPU 1) ==
==== 1/5 perf stat: 5 groups x 10 sizes + baselines ====
size 4: 1 chunks x 1 repeats, best 414148 cycles (0.0000 bytes/cycle)
size 4: 1 chunks x 1 repeats, best 326276 cycles (0.0000 bytes/cycle)
size 4: 1 chunks x 1 repeats, best 326056 cycles (0.0000 bytes/cycle)
size 4: 1000000 chunks x 1 repeats, best 733020786 cycles (0.0055 bytes/cycle)
size 16: 1000000 chunks x 1 repeats, best 946231594 cycles (0.0169 bytes/cycle)
size 64: 1000000 chunks x 1 repeats, best 1165873380 cycles (0.0549 bytes/cycle)
size 256: 1000000 chunks x 1 repeats, best 1237876570 cycles (0.2068 bytes/cycle)
size 1024: 262144 chunks x 1 repeats, best 446741918 cycles (0.6009 bytes/cycle)
size 4096: 65536 chunks x 1 repeats, best 197015168 cycles (1.3625 bytes/cycle)
size 16384: 16384 chunks x 1 repeats, best 189849536 cycles (1.4139 bytes/cycle)
size 65536: 4096 chunks x 1 repeats, best 270784836 cycles (0.9913 bytes/cycle)
size 262144: 1024 chunks x 1 repeats, best 292973374 cycles (0.9162 bytes/cycle)
size 524288: 512 chunks x 1 repeats, best 300162424 cycles (0.8943 bytes/cycle)
size 4: 1 chunks x 1 repeats, best 385064 cycles (0.0000 bytes/cycle)
size 4: 1 chunks x 1 repeats, best 372928 cycles (0.0000 bytes/cycle)
size 4: 1 chunks x 1 repeats, best 358280 cycles (0.0000 bytes/cycle)
size 4: 1000000 chunks x 1 repeats, best 795840512 cycles (0.0050 bytes/cycle)
size 16: 1000000 chunks x 1 repeats, best 962312458 cycles (0.0166 bytes/cycle)
size 64: 1000000 chunks x 1 repeats, best 1125777006 cycles (0.0568 bytes/cycle)
size 256: 1000000 chunks x 1 repeats, best 1199134398 cycles (0.2135 bytes/cycle)
size 1024: 262144 chunks x 1 repeats, best 448267550 cycles (0.5988 bytes/cycle)
size 4096: 65536 chunks x 1 repeats, best 203966938 cycles (1.3161 bytes/cycle)
size 16384: 16384 chunks x 1 repeats, best 201581044 cycles (1.3317 bytes/cycle)
size 65536: 4096 chunks x 1 repeats, best 266135710 cycles (1.0086 bytes/cycle)
size 262144: 1024 chunks x 1 repeats, best 284499902 cycles (0.9435 bytes/cycle)
size 524288: 512 chunks x 1 repeats, best 305186060 cycles (0.8796 bytes/cycle)
size 4: 1 chunks x 1 repeats, best 336124 cycles (0.0000 bytes/cycle)
size 4: 1 chunks x 1 repeats, best 335908 cycles (0.0000 bytes/cycle)
size 4: 1 chunks x 1 repeats, best 408086 cycles (0.0000 bytes/cycle)
size 4: 1000000 chunks x 1 repeats, best 571372420 cycles (0.0070 bytes/cycle)
size 16: 1000000 chunks x 1 repeats, best 752148688 cycles (0.0213 bytes/cycle)
size 64: 1000000 chunks x 1 repeats, best 1131418390 cycles (0.0566 bytes/cycle)
size 256: 1000000 chunks x 1 repeats, best 1228280814 cycles (0.2084 bytes/cycle)
size 1024: 262144 chunks x 1 repeats, best 454854244 cycles (0.5902 bytes/cycle)
size 4096: 65536 chunks x 1 repeats, best 194775782 cycles (1.3782 bytes/cycle)
size 16384: 16384 chunks x 1 repeats, best 185328606 cycles (1.4484 bytes/cycle)
size 65536: 4096 chunks x 1 repeats, best 288566226 cycles (0.9302 bytes/cycle)
size 262144: 1024 chunks x 1 repeats, best 296486770 cycles (0.9054 bytes/cycle)
size 524288: 512 chunks x 1 repeats, best 299833506 cycles (0.8953 bytes/cycle)
size 4: 1 chunks x 1 repeats, best 312950 cycles (0.0000 bytes/cycle)
size 4: 1 chunks x 1 repeats, best 304578 cycles (0.0000 bytes/cycle)
size 4: 1 chunks x 1 repeats, best 361708 cycles (0.0000 bytes/cycle)
size 4: 1000000 chunks x 1 repeats, best 900243588 cycles (0.0044 bytes/cycle)
size 16: 1000000 chunks x 1 repeats, best 790487612 cycles (0.0202 bytes/cycle)
size 64: 1000000 chunks x 1 repeats, best 1154158164 cycles (0.0555 bytes/cycle)
size 256: 1000000 chunks x 1 repeats, best 1228714098 cycles (0.2083 bytes/cycle)
size 1024: 262144 chunks x 1 repeats, best 451016404 cycles (0.5952 bytes/cycle)
size 4096: 65536 chunks x 1 repeats, best 196716930 cycles (1.3646 bytes/cycle)
size 16384: 16384 chunks x 1 repeats, best 199852022 cycles (1.3432 bytes/cycle)
size 65536: 4096 chunks x 1 repeats, best 248346030 cycles (1.0809 bytes/cycle)
size 262144: 1024 chunks x 1 repeats, best 292268968 cycles (0.9185 bytes/cycle)
size 524288: 512 chunks x 1 repeats, best 292649538 cycles (0.9173 bytes/cycle)
size 4: 1 chunks x 1 repeats, best 261810 cycles (0.0000 bytes/cycle)
size 4: 1 chunks x 1 repeats, best 330154 cycles (0.0000 bytes/cycle)
size 4: 1 chunks x 1 repeats, best 370648 cycles (0.0000 bytes/cycle)
size 4: 1000000 chunks x 1 repeats, best 796123842 cycles (0.0050 bytes/cycle)
size 16: 1000000 chunks x 1 repeats, best 712644258 cycles (0.0225 bytes/cycle)
size 64: 1000000 chunks x 1 repeats, best 1065046462 cycles (0.0601 bytes/cycle)
size 256: 1000000 chunks x 1 repeats, best 1201350662 cycles (0.2131 bytes/cycle)
size 1024: 262144 chunks x 1 repeats, best 442906368 cycles (0.6061 bytes/cycle)
size 4096: 65536 chunks x 1 repeats, best 202154116 cycles (1.3279 bytes/cycle)
size 16384: 16384 chunks x 1 repeats, best 192290760 cycles (1.3960 bytes/cycle)
size 65536: 4096 chunks x 1 repeats, best 294219220 cycles (0.9124 bytes/cycle)
size 262144: 1024 chunks x 1 repeats, best 262829920 cycles (1.0213 bytes/cycle)
size 524288: 512 chunks x 1 repeats, best 259775502 cycles (1.0333 bytes/cycle)
==== 2/5 perf record: tracepoints ====
size 4: 32768 chunks x 1 repeats, best 61915134 cycles (0.0021 bytes/cycle)
size 16: 8192 chunks x 1 repeats, best 12437850 cycles (0.0105 bytes/cycle)
size 64: 2048 chunks x 1 repeats, best 3067438 cycles (0.0427 bytes/cycle)
size 256: 512 chunks x 1 repeats, best 811658 cycles (0.1615 bytes/cycle)
size 1024: 128 chunks x 1 repeats, best 270764 cycles (0.4841 bytes/cycle)
size 4096: 32 chunks x 1 repeats, best 155476 cycles (0.8430 bytes/cycle)
size 16384: 8 chunks x 1 repeats, best 169370 cycles (0.7739 bytes/cycle)
size 65536: 2 chunks x 1 repeats, best 408514 cycles (0.3209 bytes/cycle)
size 262144: 1 chunks x 1 repeats, best 567952 cycles (0.4616 bytes/cycle)
size 524288: 1 chunks x 1 repeats, best 925604 cycles (0.5664 bytes/cycle)
[ perf record: Woken up 1 times to write data ]
[ perf record: Captured and wrote 17.640 MB /home/aanil/Desktop/courses/736-adv-os/projects/p2/results/trace/throughput/20260921-133230/perf_trace.data (184172 samples) ]
==== 2b/5 perf record: wakeups only, per size (10 recordings) ====
size 4: 8000000 chunks x 1 repeats, best 7356056414 cycles (0.0044 bytes/cycle)
[ perf record: Woken up 1 times to write data ]
[ perf record: Captured and wrote 0.383 MB /home/aanil/Desktop/courses/736-adv-os/projects/p2/results/trace/throughput/20260921-133230/perf_wakeup_4.data (1004 samples) ]
size 16: 8000000 chunks x 1 repeats, best 8024410812 cycles (0.0160 bytes/cycle)
[ perf record: Woken up 1 times to write data ]
[ perf record: Captured and wrote 0.563 MB /home/aanil/Desktop/courses/736-adv-os/projects/p2/results/trace/throughput/20260921-133230/perf_wakeup_16.data (2866 samples) ]
size 64: 2097152 chunks x 1 repeats, best 2487575016 cycles (0.0540 bytes/cycle)
[ perf record: Woken up 1 times to write data ]
[ perf record: Captured and wrote 0.331 MB /home/aanil/Desktop/courses/736-adv-os/projects/p2/results/trace/throughput/20260921-133230/perf_wakeup_64.data (459 samples) ]
size 256: 524288 chunks x 1 repeats, best 642909630 cycles (0.2088 bytes/cycle)
[ perf record: Woken up 1 times to write data ]
[ perf record: Captured and wrote 0.299 MB /home/aanil/Desktop/courses/736-adv-os/projects/p2/results/trace/throughput/20260921-133230/perf_wakeup_256.data (165 samples) ]
size 1024: 131072 chunks x 1 repeats, best 227228554 cycles (0.5907 bytes/cycle)
[ perf record: Woken up 1 times to write data ]
[ perf record: Captured and wrote 0.438 MB /home/aanil/Desktop/courses/736-adv-os/projects/p2/results/trace/throughput/20260921-133230/perf_wakeup_1024.data (1571 samples) ]
size 4096: 32768 chunks x 1 repeats, best 98001980 cycles (1.3695 bytes/cycle)
[ perf record: Woken up 1 times to write data ]
[ perf record: Captured and wrote 0.297 MB /home/aanil/Desktop/courses/736-adv-os/projects/p2/results/trace/throughput/20260921-133230/perf_wakeup_4096.data (125 samples) ]
size 16384: 8192 chunks x 1 repeats, best 91522052 cycles (1.4665 bytes/cycle)
[ perf record: Woken up 1 times to write data ]
[ perf record: Captured and wrote 0.307 MB /home/aanil/Desktop/courses/736-adv-os/projects/p2/results/trace/throughput/20260921-133230/perf_wakeup_16384.data (223 samples) ]
size 65536: 2048 chunks x 1 repeats, best 122085800 cycles (1.0994 bytes/cycle)
[ perf record: Woken up 1 times to write data ]
[ perf record: Captured and wrote 2.819 MB /home/aanil/Desktop/courses/736-adv-os/projects/p2/results/trace/throughput/20260921-133230/perf_wakeup_65536.data (26404 samples) ]
size 262144: 512 chunks x 1 repeats, best 120629364 cycles (1.1126 bytes/cycle)
[ perf record: Woken up 1 times to write data ]
[ perf record: Captured and wrote 3.047 MB /home/aanil/Desktop/courses/736-adv-os/projects/p2/results/trace/throughput/20260921-133230/perf_wakeup_262144.data (28804 samples) ]
size 524288: 256 chunks x 1 repeats, best 128337844 cycles (1.0458 bytes/cycle)
[ perf record: Woken up 1 times to write data ]
[ perf record: Captured and wrote 3.046 MB /home/aanil/Desktop/courses/736-adv-os/projects/p2/results/trace/throughput/20260921-133230/perf_wakeup_524288.data (28798 samples) ]
==== 3/5 perf record: cycles + call graphs, per size ====
size 4: 1000000 chunks x 1 repeats, best 632533232 cycles (0.0063 bytes/cycle)
[ perf record: Woken up 3 times to write data ]
[ perf record: Captured and wrote 0.668 MB /home/aanil/Desktop/courses/736-adv-os/projects/p2/results/trace/throughput/20260921-133230/perf_cycles_4.data (3835 samples) ]
size 4096: 262144 chunks x 1 repeats, best 795884966 cycles (1.3491 bytes/cycle)
[ perf record: Woken up 3 times to write data ]
[ perf record: Captured and wrote 0.904 MB /home/aanil/Desktop/courses/736-adv-os/projects/p2/results/trace/throughput/20260921-133230/perf_cycles_4096.data (4857 samples) ]
size 65536: 16384 chunks x 1 repeats, best 1003698668 cycles (1.0698 bytes/cycle)
[ perf record: Woken up 4 times to write data ]
[ perf record: Captured and wrote 1.004 MB /home/aanil/Desktop/courses/736-adv-os/projects/p2/results/trace/throughput/20260921-133230/perf_cycles_65536.data (5110 samples) ]
size 524288: 2048 chunks x 1 repeats, best 1104217822 cycles (0.9724 bytes/cycle)
[ perf record: Woken up 5 times to write data ]
[ perf record: Captured and wrote 1.191 MB /home/aanil/Desktop/courses/736-adv-os/projects/p2/results/trace/throughput/20260921-133230/perf_cycles_524288.data (6061 samples) ]
WARNING: /home/aanil/Desktop/courses/736-adv-os/projects/p2/results/trace/throughput/20260921-133230/perf_cycles_524288.data is INCOMPLETE - perf dropped samples:
            THROTTLE events:          1  ( 0.0%)
          UNTHROTTLE events:          1  ( 0.0%)
==== 4/5 strace ====
size 4: 2048 chunks x 1 repeats, best 250111872 cycles (0.0000 bytes/cycle)
size 16: 512 chunks x 1 repeats, best 61242642 cycles (0.0001 bytes/cycle)
size 64: 128 chunks x 1 repeats, best 16903240 cycles (0.0005 bytes/cycle)
size 256: 32 chunks x 1 repeats, best 3888574 cycles (0.0021 bytes/cycle)
size 1024: 8 chunks x 1 repeats, best 1066812 cycles (0.0077 bytes/cycle)
size 4096: 2 chunks x 1 repeats, best 360794 cycles (0.0227 bytes/cycle)
size 16384: 1 chunks x 1 repeats, best 282386 cycles (0.0580 bytes/cycle)
size 65536: 1 chunks x 1 repeats, best 279126 cycles (0.2348 bytes/cycle)
size 262144: 1 chunks x 1 repeats, best 813546 cycles (0.3222 bytes/cycle)
size 524288: 1 chunks x 1 repeats, best 1361976 cycles (0.3849 bytes/cycle)
==== 5/5 ftrace (trace-cmd) ====
  plugin 'function_graph'
size 4: 1024 chunks x 1 repeats, best 9613996 cycles (0.0004 bytes/cycle)
size 16: 256 chunks x 1 repeats, best 2574816 cycles (0.0016 bytes/cycle)
size 64: 64 chunks x 1 repeats, best 652814 cycles (0.0063 bytes/cycle)
size 256: 16 chunks x 1 repeats, best 256186 cycles (0.0160 bytes/cycle)
size 1024: 4 chunks x 1 repeats, best 128610 cycles (0.0318 bytes/cycle)
size 4096: 1 chunks x 1 repeats, best 113394 cycles (0.0361 bytes/cycle)
size 16384: 1 chunks x 1 repeats, best 273032 cycles (0.0600 bytes/cycle)
size 65536: 1 chunks x 1 repeats, best 1054716 cycles (0.0621 bytes/cycle)
size 262144: 1 chunks x 1 repeats, best 4307546 cycles (0.0609 bytes/cycle)
size 524288: 1 chunks x 1 repeats, best 6832878 cycles (0.0767 bytes/cycle)
CPU0 data recorded at offset=0x37e000
    446027 bytes in size (2965504 uncompressed)
CPU1 data recorded at offset=0x3eb000
    682271 bytes in size (4116480 uncompressed)
CPU2 data recorded at offset=0x492000
    9627 bytes in size (36864 uncompressed)
CPU3 data recorded at offset=0x495000
    0 bytes in size (0 uncompressed)
CPU4 data recorded at offset=0x495000
    0 bytes in size (0 uncompressed)
CPU5 data recorded at offset=0x495000
    0 bytes in size (0 uncompressed)
CPU6 data recorded at offset=0x495000
    0 bytes in size (0 uncompressed)
CPU7 data recorded at offset=0x495000
    0 bytes in size (0 uncompressed)
==== summary ====
THROUGHPUT TRACE SUMMARY  throughput/20260921-133230   (kernel 7.1.8-200.fc44.x86_64, CPUs pinned to 4000 MHz)

====================================================================================================
1. COUNTERS (perf stat) - per chunk and per MiB moved, the benchmark's parent + child together
   Each run moved 256 MiB per size (fewer bytes for tiny chunks: capped at 1000000 chunks); startup cost = median of 3 baseline runs,
   subtracted; each counter group ran alone (not multiplexed); no CSV printing (-q).
   chunk = one write() by the parent + one read() by the child. MiB = 2^20 bytes.

1a. scheduling and CPU work (kcycles = thousands of cycles)
   chunk  chunks/run  ctx-sw/chunk  migr/chunk  pg-fault/MiB  kcycles/chunk  kinstr/chunk   IPC  cycles/KiB
  ------  ----------  ------------  ----------  ------------  -------------  ------------  ----  ----------
     4 B     1000000         0.000      0.0000           n/a           1.74          2.26  1.30     446,597
    16 B     1000000         0.000      0.0000           n/a           2.26          2.32  1.03     144,605
    64 B     1000000         0.000      0.0000           n/a           2.76          2.38  0.86      44,116
   256 B     1000000         0.000      0.0000           n/a           2.93          2.42  0.82      11,736
    1 KB      262144         0.001      0.0000           n/a           4.06          2.60  0.64       4,057
    4 KB       65536         0.000      0.0000           n/a           7.25          3.15  0.43       1,814
   16 KB       16384         0.001      0.0000          0.02          27.86         12.36  0.44       1,741
   64 KB        4096         2.000      0.0000          0.11          63.41         46.47  0.73         991
  256 KB        1024         7.997      0.0000          0.46         277.21        183.40  0.66       1,083
  512 KB         512        15.994      0.0000          0.97         571.62        368.29  0.64       1,116

1b. memory system, per MiB moved. xsnp-hitm/fwd = loads served from the OTHER core's cache, i.e.
    data moving between the parent's core and the child's core
   chunk  cache-ref  cache-miss  L1d-miss  L2-miss  xsnp-hitm  xsnp-fwd  dTLB-miss  iTLB-miss
  ------  ---------  ----------  --------  -------  ---------  --------  ---------  ---------
     4 B  2,045,039       4,038   842,304  153,323    133,816        42         45    535,789
    16 B    696,014       1,302   317,670  128,692    112,707        21          8    133,860
    64 B    217,387         326    95,250   81,505     71,217         8         17     33,572
   256 B     79,253         259    31,831   23,762     20,289         2          3      8,372
    1 KB     49,681         287    22,738    8,696      6,915         1          9      2,094
    4 KB     37,887         102    18,359    2,651      2,320       n/a          3        526
   16 KB     41,356      10,463    18,072    1,523      1,065        15        287        140
   64 KB     44,155       7,967    21,329    1,529        796        44        379         56
  256 KB     44,474      14,518    35,627    1,551        789        43        513         44
  512 KB     46,263      18,558    35,824    1,566        786        50        536         40

1c. top-down: where the CPU's pipeline slots went (P-core)
   chunk  retiring  front-end  back-end  bad-spec
  ------  --------  ---------  --------  --------
     4 B     16.9%       9.1%     71.9%      1.9%
    16 B     18.4%       9.1%     70.9%      1.7%
    64 B     13.1%       8.4%     76.2%      2.3%
   256 B     12.2%      10.3%     75.0%      2.3%
    1 KB     10.2%       7.1%     82.0%      1.1%
    4 KB      7.0%       3.7%     89.2%      0.5%
   16 KB      6.8%       3.1%     90.0%      0.3%
   64 KB     10.3%      21.2%     66.5%      4.6%
  256 KB     10.7%      22.3%     66.4%      4.4%
  512 KB     11.1%      22.3%     62.7%      4.7%

====================================================================================================
2. SCHEDULING, SYSCALLS, IDLE, IPIs (perf record tracepoints - EVERY occurrence, benchmark tasks only)
   184172 events on CPUs 0-1; benchmark tasks (comm 'throughput'): tids [1231913, 1231915]; 128 KiB per size (chunks = max(1, bytes/size)).

2a. per chunk unless marked. ctx-sw = times a benchmark task was switched out; wake->run = median time
    from sched_waking to the task actually running; cross-cpu = the waker ran on a different CPU than
    the task it woke; child rd = read() calls per chunk (above 1 means the reader found the pipe short
    and had to read again); IPIs / idle-ent = interrupts sent to and idle entries on CPUs 0-1.
    *MiB/s is throughput UNDER TRACING (and over a tiny transfer), not the real throughput.
   chunk  chunks  ctx-sw  wakeups  wake->run us  cross-cpu  child rd  parent wr    IPIs  idle-ent  pg-alloc/MiB   lock/MiB  MiB/s*
  ------  ------  ------  -------  ------------  ---------  --------  ---------  ------  --------  ------------  ---------  ------
     4 B   32768   0.000    0.000          18.7       100%      1.00       1.00   0.000     0.000           184  20,248.00       7
    16 B    8192   0.005    0.005           2.0       100%      1.00       1.00   0.004     0.002             0   7,832.00      33
    64 B    2048   0.006    0.006           1.8       100%      1.00       1.00   0.005     0.004             0   2,072.00     134
   256 B     512   0.010    0.010           1.5       100%      1.00       1.00   0.006     0.004             0     568.00     503
    1 KB     128   0.016    0.016           1.7       100%      1.00       1.00   0.008     0.008             0     520.00   1,477
    4 KB      32   0.062    0.062           2.4       100%      1.00       1.00   0.062     0.062            16     456.00   2,505
   16 KB       8   0.250    0.250           5.7       100%      1.00       1.00   0.250     0.250           168     104.00   2,283
   64 KB       2   2.000    2.000           2.4       100%      1.00       1.00   2.500     2.500           320       0.00     987
  256 KB       1   8.000    8.000           2.0       100%      4.00       1.00   8.000     8.000           416       0.00   1,442
  512 KB       1  17.000   17.000           2.0       100%      7.00       1.00  18.000    18.000           368       0.00   1,301

2b. time INSIDE the read()/write() syscalls on the pipes (a read includes waiting for the parent, a
    write includes waiting for the child to drain a full pipe)
   chunk  read med us  write med us  read max us  write max us
  ------  -----------  ------------  -----------  ------------
     4 B          0.2           0.2        5,042           503
    16 B          0.2           0.2           49            49
    64 B          0.2           0.2            5             4
   256 B          0.3           0.2            5             1
    1 KB          0.4           0.3            5             2
    4 KB          0.9           0.9            7             5
   16 KB          3.7           3.6           17             8
   64 KB         59.6          12.6           61            52
  256 KB         45.6          68.9           47           137
  512 KB         39.4         122.9           47           245

2c. idle states entered on CPUs 0-1 (C0 = polling, higher = deeper sleep)
   chunk  idle entries/chunk   states entered (count)  median stay us (under tracing)
  ------  ------------------  -----------------------  ------------------------------
     4 B               0.000               C2:2, C3:9            C2=1,672.1, C3=805.2
    16 B               0.002  C0:13, C1:3, C2:2, C3:2  C0=0.9, C1=0.7, C2=2.3, C3=2.1
    64 B               0.004                     C0:8                          C0=0.9
   256 B               0.004                     C0:2                          C0=0.9
    1 KB               0.008                     C1:1                               -
    4 KB               0.062               C1:1, C3:1                          C3=1.2
   16 KB               0.250               C1:1, C3:1                          C3=5.9
   64 KB               2.500         C1:2, C2:1, C3:2       C1=11.4, C2=52.6, C3=16.9
  256 KB               8.000                     C1:8                         C1=18.8
  512 KB              18.000                    C1:18                         C1=13.5

   completeness: no throttled or lost samples

====================================================================================================
3. WHERE THE CPU CYCLES GO (perf record cycles + call graphs, one profile per chunk size)
   The benchmark's processes only; no CSV printing (-q). Categories are a heuristic, NAME-based grouping
   of kernel symbols; kernel symbols only resolve when this runs as root.

3a. cycles per KiB moved, by component (both tasks; cyc/KiB = cycles per 1024 bytes of data)
                          component  4 B %  4 B cyc/KiB  4 KB %  4 KB cyc/KiB  64 KB %  64 KB cyc/KiB  512 KB %  512 KB cyc/KiB
  ---------------------------------  -----  -----------  ------  ------------  -------  -------------  --------  --------------
        copying data (to/from pipe)   9.9%     44,342.4   28.2%         511.3    58.2%          576.9     62.2%           694.5
              pipe read/write logic   3.2%     14,393.4    4.4%          80.6     5.1%           50.1      5.7%            63.4
            page alloc/free + memcg   0.0%        134.1    0.8%          15.1    12.5%          123.7     14.7%           163.8
                            locking  42.7%    190,779.4   56.3%       1,020.7    12.0%          119.3      4.6%            51.2
            scheduler, wakeup, idle   0.0%         89.4    0.0%           0.7     2.7%           27.1      2.8%            31.7
           interrupts, IPIs, timers   0.3%      1,475.1    0.1%           1.1     2.0%           19.4      2.5%            27.4
  syscall entry/exit, VFS, security  30.0%    133,831.7    6.6%         120.2     1.1%           10.4      1.2%            13.4
                       other kernel   3.5%     15,600.3    1.7%          30.0     5.7%           56.8      5.8%            65.1
      user space (benchmark + libc)  10.3%     45,951.6    1.9%          34.1     0.7%            6.9      0.5%             5.9
         TOTAL CPU work (perf stat)           446,597.3               1,813.7                   990.8                   1,116.5

3b. top functions, 4 B chunks (% of cycles)
     19.02%  [k] mutex_lock   <locking>
     13.70%  [k] entry_SYSCALL_64   <syscall entry/exit, VFS, security>
     10.24%  [k] mutex_unlock   <locking>
      8.46%  [k] __mutex_lock.constprop.0   <locking>
      7.30%  [.] __internal_syscall_cancel   <user space (benchmark + libc)>
      5.18%  [k] _copy_to_iter   <copying data (to/from pipe)>
      4.22%  [k] _copy_from_iter   <copying data (to/from pipe)>
      4.19%  [k] avc_lookup   <syscall entry/exit, VFS, security>

3b. top functions, 4 KB chunks (% of cycles)
     32.28%  [k] mutex_spin_on_owner   <locking>
     24.26%  [k] _copy_to_iter   <copying data (to/from pipe)>
      9.83%  [k] mutex_unlock   <locking>
      8.30%  [k] __mutex_lock.constprop.0   <locking>
      3.71%  [k] _copy_from_iter   <copying data (to/from pipe)>
      3.48%  [k] mutex_lock   <locking>
      2.73%  [k] entry_SYSCALL_64   <syscall entry/exit, VFS, security>
      2.47%  [k] anon_pipe_read   <pipe read/write logic>

3b. top functions, 64 KB chunks (% of cycles)
     44.93%  [k] _copy_to_iter   <copying data (to/from pipe)>
     12.89%  [k] _copy_from_iter   <copying data (to/from pipe)>
      6.95%  [k] mutex_spin_on_owner   <locking>
      3.51%  [k] _raw_spin_trylock   <locking>
      3.38%  [k] anon_pipe_put_page   <pipe read/write logic>
      2.27%  [k] kernel_init_pages   <page alloc/free + memcg>
      2.18%  [k] __list_del_entry_valid_or_report   <other kernel>
      2.00%  [k] page_counter_uncharge   <page alloc/free + memcg>
    largest symbols left in 'other kernel' (6%): __list_del_entry_valid_or_report 2.2%, __next_zones_zonelist 0.5%, free_frozen_page_commit 0.4%, __list_add_valid_or_report 0.2%, psi_group_change 0.2%, switch_fpu_return 0.1%

3b. top functions, 512 KB chunks (% of cycles)
     44.41%  [k] _copy_to_iter   <copying data (to/from pipe)>
     17.48%  [k] _copy_from_iter   <copying data (to/from pipe)>
      4.01%  [k] anon_pipe_put_page   <pipe read/write logic>
      3.35%  [k] kernel_init_pages   <page alloc/free + memcg>
      3.23%  [k] _raw_spin_trylock   <locking>
      2.28%  [k] __list_del_entry_valid_or_report   <other kernel>
      2.23%  [k] __memcg_kmem_charge_page   <page alloc/free + memcg>
      2.17%  [k] __free_one_page   <page alloc/free + memcg>
    largest symbols left in 'other kernel' (6%): __list_del_entry_valid_or_report 2.3%, __next_zones_zonelist 0.4%, free_frozen_page_commit 0.3%, _find_first_bit 0.2%, switch_fpu_return 0.2%, psi_group_change 0.2%

   chart: /home/aanil/Desktop/courses/736-adv-os/projects/p2/results/trace/throughput/20260921-133230/breakdown.png (+ .pdf)

====================================================================================================
4. SYSCALLS (strace - every call; strace itself slows the run a lot, so use COUNTS, not times)
   parent strace_throughput.1232142: 3035 syscalls; top: write x2744, mmap x36, read x33, close x31, openat x28
   child  strace_throughput.1232144: 2765 syscalls; top: read x2744, write x10, close x4, set_robust_list x1, rt_sigprocmask x1

4a. pipe syscalls per chunk. The parent does one write() per chunk. The child asks for exactly one chunk
    per read(); it needs more than one read() when the pipe holds less than a chunk (a chunk larger than
    the 64 KB pipe buffer always does). avg bytes/read = bytes the child's reads returned on average.
   chunk  chunks  parent wr/chunk  child rd/chunk  avg bytes/read
  ------  ------  ---------------  --------------  --------------
     4 B    2048            1.000           1.000               4
    16 B     512            1.000           1.000              16
    64 B     128            1.000           1.000              66
   256 B      32            1.000           1.000             280
    1 KB       8            1.000           1.000           1,408
    4 KB       2            1.000           1.000          10,240
   16 KB       1            1.000           1.000          65,536
   64 KB       1            1.000           1.000          65,536
  256 KB       1            1.000           4.000          65,536
  512 KB       1            1.000           7.000          65,536

====================================================================================================
5. KERNEL CALL GRAPH under ksys_read / ksys_write (ftrace function_graph, the benchmark only)
   entries by task: {'throughput': 145720};  'events dropped' notices: 0
   Durations are inflated by function_graph's own overhead (every function entry/exit is hooked):
   compare functions with each other, do not read the microseconds as real costs.

5a. top-level calls (pipe read / write)
        call  count  median us   max us  total ms
  ----------  -----  ---------  -------  --------
   ksys_read   1390       2.09    419.8      9.05
  ksys_write   1389       2.02  1,740.1      6.13

5b. where the time goes, by SELF time (time in the function itself, not its callees)
                  function  calls  self ms  % of read+write time
  ------------------------  -----  -------  --------------------
                  schedule     50     3.55                 23.4%
            anon_pipe_read   1389     0.83                  5.4%
              avc_has_perm   2778     0.67                  4.4%
       mutex_spin_on_owner     15     0.57                  3.8%
           __file_has_perm   2778     0.51                  3.4%
  security_file_permission   2779     0.50                  3.3%
           anon_pipe_write   1389     0.47                  3.1%
           __rcu_read_lock   5831     0.34                  2.3%
         __rcu_read_unlock   5831     0.34                  2.2%
            rw_verify_area   2779     0.34                  2.2%
   selinux_file_permission   2779     0.31                  2.0%
            inode_has_perm   2778     0.30                  2.0%
                mutex_lock   2863     0.29                  1.9%
                  vfs_read   1390     0.26                  1.7%

====================================================================================================
6. WHERE THE WALL-CLOCK TIME GOES: measured throughput vs CPU work
   Measured, un-traced throughput from results/throughput_run*.csv (5 file(s)) against the CPU
   work perf stat counted per chunk at 4.0 GHz. Throughput is MiB/s (2^20 bytes per second).
   perf stat counts the AVERAGE chunk, hence the wall time per chunk uses the MEDIAN throughput.

6a. per chunk size
   chunk  best MiB/s  median MiB/s  wall ns/chunk  CPU ns/chunk  cores busy  cycles/KiB
  ------  ----------  ------------  -------------  ------------  ----------  ----------
     4 B        21.0          13.3            287           436        1.52     446,597
    16 B        67.7          62.0            246           565        2.30     144,605
    64 B       193.8         180.3            339           689        2.04      44,116
   256 B       690.8         648.1            377           733        1.95      11,736
    1 KB     1,981.4       1,889.8            517         1,014        1.96       4,057
    4 KB     4,500.5       4,228.2            924         1,814        1.96       1,814
   16 KB     4,742.2       4,319.1          3,618         6,964        1.93       1,741
   64 KB     3,577.5       3,380.0         18,491        15,853        0.86         991
  256 KB     3,634.2       3,210.6         77,866        69,302        0.89       1,083
  512 KB     3,555.7       3,170.4        157,707       142,906        0.91       1,116
   cores busy = CPU ns per chunk (parent + child together) / wall ns per chunk. The parent and child run at the
   same time as a pipeline, so 2.0 would mean both cores were busy the whole time, about 1.0 means one core's
   worth of work, and less means the tasks spent much of the time blocked or idle.
==== wakeup timeline -> /home/aanil/Desktop/courses/736-adv-os/projects/p2/results/trace/throughput/20260921-133230/wakeup/ ====
wakeup timeline: 12506 hand-offs -> /home/aanil/Desktop/courses/736-adv-os/projects/p2/results/trace/throughput/20260921-133230/wakeup/wakeup_timeline.txt, wakeup_phases.csv, wakeup_phases.png (+ .pdf)
==== ftrace flame graphs -> /home/aanil/Desktop/courses/736-adv-os/projects/p2/results/trace/throughput/20260921-133230/flamegraphs/ ====
ftrace flame graphs (all, 4B, 4KB, 64KB, 512KB) -> /home/aanil/Desktop/courses/736-adv-os/projects/p2/results/trace/throughput/20260921-133230/flamegraphs/
== restoring system state ==
== unpinning CPU 0 ==
CPU 0 pinned state before restore:
  governor:     performance
  min_freq:     4000000 kHz
  max_freq:     4000000 kHz
  current freq: 3931969 kHz
CPU 0 restored:
  governor: powersave
  min_freq: 400000 kHz
  max_freq: 4800000 kHz

=-=-=-=-=-=-=-=-=-=-=-=-=-=-=-=-=-=-=-=-=-=-=-=-=-=-=-=-=-=-=-=-=-=-=-=-=-=-=-=-=-=-=-=-=-=-=-=-=-=

== unpinning CPU 1 ==
CPU 1 pinned state before restore:
  governor:     performance
  min_freq:     4000000 kHz
  max_freq:     4000000 kHz
  current freq: 2907737 kHz
CPU 1 restored:
  governor: powersave
  min_freq: 400000 kHz
  max_freq: 4800000 kHz

=-=-=-=-=-=-=-=-=-=-=-=-=-=-=-=-=-=-=-=-=-=-=-=-=-=-=-=-=-=-=-=-=-=-=-=-=-=-=-=-=-=-=-=-=-=-=-=-=-=

== unpinning CPU 2 ==
CPU 2 pinned state before restore:
  governor:     performance
  min_freq:     4000000 kHz
  max_freq:     4000000 kHz
  current freq: 3893680 kHz
CPU 2 restored:
  governor: powersave
  min_freq: 400000 kHz
  max_freq: 4700000 kHz

=-=-=-=-=-=-=-=-=-=-=-=-=-=-=-=-=-=-=-=-=-=-=-=-=-=-=-=-=-=-=-=-=-=-=-=-=-=-=-=-=-=-=-=-=-=-=-=-=-=

== output in /home/aanil/Desktop/courses/736-adv-os/projects/p2/results/trace/throughput/20260921-133230 ==
